[ 2026-06-29 18:07:56,502 ] 83 root - INFO - Artifacts loaded — 34 teams | states generated: 2026-05-24
[ 2026-06-29 18:12:22,215 ] 214 root - INFO - Chelsea vs Arsenal \u2192 Away Win (confidence 48.2%)
[ 2026-06-29 18:13:21,733 ] 214 root - INFO - Arsenal vs Tottenham \u2192 Home Win (confidence 64.6%)
[ 2026-06-29 18:13:21,737 ] 214 root - INFO - Man United vs Man City \u2192 Away Win (confidence 45.3%)
[ 2026-06-29 18:13:21,742 ] 214 root - INFO - Crystal Palace vs Aston Villa \u2192 Away Win (confidence 49.9%)
[ 2026-06-29 18:13:31,672 ] 214 root - INFO - Aston Villa vs Arsenal \u2192 Away Win (confidence 41.1%)
[ 2026-06-29 18:13:31,682 ] 214 root - INFO - Bournemouth vs Arsenal \u2192 Away Win (confidence 48.6%)
[ 2026-06-29 18:13:31,709 ] 214 root - INFO - Brentford vs Arsenal \u2192 Away Win (confidence 48.1%)
[ 2026-06-29 18:13:31,722 ] 214 root - INFO - Brighton vs Arsenal \u2192 Away Win (confidence 50.3%)
[ 2026-06-29 18:13:31,736 ] 214 root - INFO - Burnley vs Arsenal \u2192 Away Win (confidence 76.4%)
[ 2026-06-29 18:13:31,757 ] 214 root - INFO - Cardiff vs Arsenal \u2192 Away Win (confidence 67.1%)
[ 2026-06-29 18:13:31,764 ] 214 root - INFO - Chelsea vs Arsenal \u2192 Away Win (confidence 48.6%)
[ 2026-06-29 18:13:31,788 ] 214 root - INFO - Crystal Palace vs Arsenal \u2192 Away Win (confidence 57.6%)
[ 2026-06-29 18:13:31,796 ] 214 root - INFO - Everton vs Arsenal \u2192 Away Win (confidence 52.7%)
[ 2026-06-29 18:13:31,804 ] 214 root - INFO - Fulham vs Arsenal \u2192 Away Win (confidence 58.7%)
[ 2026-06-29 18:13:31,822 ] 214 root - INFO - Huddersfield vs Arsenal \u2192 Away Win (confidence 86.8%)
[ 2026-06-29 18:13:31,838 ] 214 root - INFO - Hull vs Arsenal \u2192 Away Win (confidence 63.6%)
[ 2026-06-29 18:13:31,856 ] 214 root - INFO - Ipswich vs Arsenal \u2192 Away Win (confidence 77.1%)
[ 2026-06-29 18:13:31,873 ] 214 root - INFO - Leeds vs Arsenal \u2192 Away Win (confidence 61.9%)
[ 2026-06-29 18:13:31,889 ] 214 root - INFO - Leicester vs Arsenal \u2192 Away Win (confidence 80.9%)
[ 2026-06-29 18:13:31,897 ] 214 root - INFO - Liverpool vs Arsenal \u2192 Away Win (confidence 40.9%)
[ 2026-06-29 18:13:31,908 ] 214 root - INFO - Luton vs Arsenal \u2192 Away Win (confidence 81.2%)
[ 2026-06-29 18:13:31,915 ] 214 root - INFO - Man City vs Arsenal \u2192 Home Win (confidence 37.6%)
[ 2026-06-29 18:13:31,932 ] 214 root - INFO - Man United vs Arsenal \u2192 Away Win (confidence 38.5%)
[ 2026-06-29 18:13:31,950 ] 214 root - INFO - Middlesbrough vs Arsenal \u2192 Away Win (confidence 70.6%)
[ 2026-06-29 18:13:31,969 ] 214 root - INFO - Newcastle vs Arsenal \u2192 Away Win (confidence 53.3%)
[ 2026-06-29 18:13:31,975 ] 214 root - INFO - Norwich vs Arsenal \u2192 Away Win (confidence 90.2%)
[ 2026-06-29 18:13:31,984 ] 214 root - INFO - Nott'm Forest vs Arsenal \u2192 Away Win (confidence 53.5%)
[ 2026-06-29 18:13:32,003 ] 214 root - INFO - Sheffield United vs Arsenal \u2192 Away Win (confidence 86.3%)
[ 2026-06-29 18:13:32,020 ] 214 root - INFO - Southampton vs Arsenal \u2192 Away Win (confidence 86.9%)
[ 2026-06-29 18:13:32,037 ] 214 root - INFO - Stoke vs Arsenal \u2192 Away Win (confidence 65.4%)
[ 2026-06-29 18:13:32,043 ] 214 root - INFO - Sunderland vs Arsenal \u2192 Away Win (confidence 62.5%)
[ 2026-06-29 18:13:32,063 ] 214 root - INFO - Swansea vs Arsenal \u2192 Away Win (confidence 70.6%)
[ 2026-06-29 18:13:32,073 ] 214 root - INFO - Tottenham vs Arsenal \u2192 Away Win (confidence 61.7%)
[ 2026-06-29 18:13:32,090 ] 214 root - INFO - Watford vs Arsenal \u2192 Away Win (confidence 87.5%)
[ 2026-06-29 18:13:32,106 ] 214 root - INFO - West Brom vs Arsenal \u2192 Away Win (confidence 85.9%)
[ 2026-06-29 18:13:32,123 ] 214 root - INFO - West Ham vs Arsenal \u2192 Away Win (confidence 63.2%)
[ 2026-06-29 18:13:32,139 ] 214 root - INFO - Wolves vs Arsenal \u2192 Away Win (confidence 73.7%)
[ 2026-06-29 18:38:21,226 ] 214 root - INFO - Man United vs Man City \u2192 Away Win (confidence 45.3%)
