[ 2026-06-22 14:53:14,876 ] 83 root - INFO - Artifacts loaded — 34 teams | states generated: 2026-05-24
[ 2026-06-22 14:53:45,230 ] 214 root - INFO - Tottenham vs Arsenal \u2192 Away Win (confidence 61.2%)
[ 2026-06-22 14:55:44,124 ] 214 root - INFO - Arsenal vs Aston Villa \u2192 Home Win (confidence 58.0%)
[ 2026-06-22 14:55:44,130 ] 214 root - INFO - Man City vs Man United \u2192 Home Win (confidence 56.5%)
[ 2026-06-22 14:55:44,136 ] 214 root - INFO - Chelsea vs Liverpool \u2192 Away Win (confidence 43.8%)
[ 2026-06-22 14:55:44,142 ] 214 root - INFO - Tottenham vs West Ham \u2192 Draw (confidence 42.0%)
[ 2026-06-22 14:56:43,848 ] 214 root - INFO - Aston Villa vs Arsenal \u2192 Away Win (confidence 40.9%)
[ 2026-06-22 14:56:43,864 ] 214 root - INFO - Bournemouth vs Arsenal \u2192 Away Win (confidence 48.4%)
[ 2026-06-22 14:56:43,878 ] 214 root - INFO - Brentford vs Arsenal \u2192 Away Win (confidence 47.9%)
[ 2026-06-22 14:56:43,909 ] 214 root - INFO - Brighton vs Arsenal \u2192 Away Win (confidence 50.2%)
[ 2026-06-22 14:56:43,927 ] 214 root - INFO - Burnley vs Arsenal \u2192 Away Win (confidence 76.3%)
[ 2026-06-22 14:56:43,952 ] 214 root - INFO - Cardiff vs Arsenal \u2192 Away Win (confidence 66.7%)
[ 2026-06-22 14:56:43,963 ] 214 root - INFO - Chelsea vs Arsenal \u2192 Away Win (confidence 48.5%)
[ 2026-06-22 14:56:43,998 ] 214 root - INFO - Crystal Palace vs Arsenal \u2192 Away Win (confidence 57.5%)
[ 2026-06-22 14:56:44,030 ] 214 root - INFO - Everton vs Arsenal \u2192 Away Win (confidence 52.6%)
[ 2026-06-22 14:56:44,041 ] 214 root - INFO - Fulham vs Arsenal \u2192 Away Win (confidence 58.6%)
[ 2026-06-22 14:56:44,053 ] 214 root - INFO - Huddersfield vs Arsenal \u2192 Away Win (confidence 86.6%)
[ 2026-06-22 14:56:44,076 ] 214 root - INFO - Hull vs Arsenal \u2192 Away Win (confidence 63.3%)
[ 2026-06-22 14:56:44,109 ] 214 root - INFO - Ipswich vs Arsenal \u2192 Away Win (confidence 77.0%)
[ 2026-06-22 14:56:44,123 ] 214 root - INFO - Leeds vs Arsenal \u2192 Away Win (confidence 61.7%)
[ 2026-06-22 14:56:44,136 ] 214 root - INFO - Leicester vs Arsenal \u2192 Away Win (confidence 80.8%)
[ 2026-06-22 14:56:44,148 ] 214 root - INFO - Liverpool vs Arsenal \u2192 Away Win (confidence 40.8%)
[ 2026-06-22 14:56:44,160 ] 214 root - INFO - Luton vs Arsenal \u2192 Away Win (confidence 81.0%)
[ 2026-06-22 14:56:44,187 ] 214 root - INFO - Man City vs Arsenal \u2192 Home Win (confidence 37.9%)
[ 2026-06-22 14:56:44,199 ] 214 root - INFO - Man United vs Arsenal \u2192 Away Win (confidence 38.3%)
[ 2026-06-22 14:56:44,233 ] 214 root - INFO - Middlesbrough vs Arsenal \u2192 Away Win (confidence 70.2%)
[ 2026-06-22 14:56:44,266 ] 214 root - INFO - Newcastle vs Arsenal \u2192 Away Win (confidence 53.1%)
[ 2026-06-22 14:56:44,279 ] 214 root - INFO - Norwich vs Arsenal \u2192 Away Win (confidence 90.1%)
[ 2026-06-22 14:56:44,312 ] 214 root - INFO - Nott'm Forest vs Arsenal \u2192 Away Win (confidence 53.3%)
[ 2026-06-22 14:56:44,346 ] 214 root - INFO - Sheffield United vs Arsenal \u2192 Away Win (confidence 86.2%)
[ 2026-06-22 14:56:44,362 ] 214 root - INFO - Southampton vs Arsenal \u2192 Away Win (confidence 86.8%)
[ 2026-06-22 14:56:44,376 ] 214 root - INFO - Stoke vs Arsenal \u2192 Away Win (confidence 65.0%)
[ 2026-06-22 14:56:44,391 ] 214 root - INFO - Sunderland vs Arsenal \u2192 Away Win (confidence 62.5%)
[ 2026-06-22 14:56:44,406 ] 214 root - INFO - Swansea vs Arsenal \u2192 Away Win (confidence 70.3%)
[ 2026-06-22 14:56:44,423 ] 214 root - INFO - Tottenham vs Arsenal \u2192 Away Win (confidence 61.6%)
[ 2026-06-22 14:56:44,437 ] 214 root - INFO - Watford vs Arsenal \u2192 Away Win (confidence 87.4%)
[ 2026-06-22 14:56:44,492 ] 214 root - INFO - West Brom vs Arsenal \u2192 Away Win (confidence 85.7%)
[ 2026-06-22 14:56:44,506 ] 214 root - INFO - West Ham vs Arsenal \u2192 Away Win (confidence 63.1%)
[ 2026-06-22 14:56:44,535 ] 214 root - INFO - Wolves vs Arsenal \u2192 Away Win (confidence 73.6%)
